[www.largetutoring.com/index.html]
[backblue.gif]
[fade.gif]
[index.html]
[images.squarespace-cdn.com/content/5ee6af80955f9b21f959d23c/6061b797-0748-4a16-913e-b5acc85eee9d/Screen+Shot+2022-01-13+at+11.05.34+AM5d45.png]
[assets.squarespace.com/@sqs/polyfiller/1.6/legacy.js]
[use.typekit.net/ik/AMiTdoWuZLWZEm-LTTxjtxrl31rzDHoFzFtFwz99aC9fe7XIfFHN4UJLFRbh52jhWDm8ZQZyZR635Q9uZR8KwRBc5Q9oZ2JDjU7SMkG0jAFu-WsoShFGZAsude80ZkoRdhXCHKoyjamTiY8Djhy8ZYmC-Ao1Oco8if37OcBDOcu]
[assets.squarespace.com/@sqs/polyfiller/1.6/modern.js]
[assets.squarespace.com/universal/scripts-compressed/extract-css-runtime-19afba50b41adbfb8d35-min.en-US.js]
[assets.squarespace.com/universal/scripts-compressed/cldr-resource-pack-457f4d444e0242501efb-min.en-US.js]
[assets.squarespace.com/universal/scripts-compressed/common-vendors-stable-61293f01d648eef165fc-min.en-US.js]
[assets.squarespace.com/universal/scripts-compressed/extract-css-moment-js-vendor-6c569122bfa66a51a056-min.en-US.js]
[assets.squarespace.com/universal/styles-compressed/commerce-f2e70939b77a1b74270a-min.en-US.css]
[assets.squarespace.com/universal/scripts-compressed/user-account-core-72a51c02c49aefacc004-min.en-US.js]
[assets.squarespace.com/universal/styles-compressed/user-account-core-b6e8cafbf34b05da5c2b-min.en-US.css]
[assets.squarespace.com/universal/scripts-compressed/common-vendors-3fcaaea836eadc9d2491-min.en-US.js]
[assets.squarespace.com/universal/scripts-compressed/performance-e71b26781eaccf31f6f4-min.en-US.js]
[static1.squarespace.com/static/versioned-site-css/5ee6af80955f9b21f959d23c/205/5c5a519771c10ba3470d8101/5ee6af81955f9b21f959d25d/1602/site.css]
[static1.squarespace.com/static/vta/5c5a519771c10ba3470d8101/versioned-assets/1736880851439-V2E4UVA9NKQ0GL12K7L2/static.css]
[connect.facebook.net/en_US/fbevents.js]
[www.largetutoring.com/cart.html]
[www.largetutoring.com/services.html]
[www.largetutoring.com/in-person-tutoring.html]
[www.largetutoring.com/online-tutoring.html]
[www.largetutoring.com/about.html]
[www.largetutoring.com/testimonials.html]
[www.largetutoring.com/blog.html]
[www.largetutoring.com/newsletter.html]
[www.largetutoring.com/contact.html]
[images.squarespace-cdn.com/content/v1/5ee6af80955f9b21f959d23c/6061b797-0748-4a16-913e-b5acc85eee9d/Screen+Shot+2022-01-13+at+11.05.34+AM26f7.png]
[images.squarespace-cdn.com/content/v1/5ee6af80955f9b21f959d23c/1599602563579-PUWWK2HG0C0HCQPCHNOS/iStock-700789528_v02.jpg]
[images.squarespace-cdn.com/content/v1/5ee6af80955f9b21f959d23c/1597176090300-30WAI4AYN0TUM3PV78ZJ/tutoring-image_v02.png]
[assets.squarespace.com/universal/scripts-compressed/common-c6b7eac49cc4592b0454-min.en-US.js]
[images.squarespace-cdn.com/content/v1/5ee6af80955f9b21f959d23c/1599602223457-OQ8GRW87WOL0K36EYMY7/iStock-976322622.jpg]
[images.squarespace-cdn.com/content/v1/5ee6af80955f9b21f959d23c/1599091078785-DMFVHFNBROCF8J11CQ4M/fatigued-1822678.jpg]
[assets.squarespace.com/universal/scripts-compressed/commerce-29f87c5605167d27b7dc-min.en-US.js]
[www.largetutoring.com/covid19.html]
[www.largetutoring.com/blog/5-things-taylor-swift-can-teach-us-about-success-e77rx.html]
[www.largetutoring.com/blog/5-things-taylor-swift-can-teach-us-about-success.html]
[www.largetutoring.com/blog/track-your-study-hours-like-a-pro-8-week-study-tracker-sheet-g9y3j.html]
[images.squarespace-cdn.com/content/v1/5ee6af80955f9b21f959d23c/1592427302714-X8XOL3FK00CI70I026LY/LT_Apple_WHITE_RGB.png]
[images.squarespace-cdn.com/content/5ee6af80955f9b21f959d23c/1592340084854-X8T3MR0HJ9LVM4NI1UXO/logo-footer-2-015d45.png]
[www.largetutoring.com/careers.html]
[www.largetutoring.com/index.html]
[www.largetutoring.com/faqs.html]
[assets.squarespace.com/universal/styles-compressed/commerce-f2e70939b77a1b74270a-min.en-US.css]
[assets.squarespace.com/universal/styles-compressed/user-account-core-b6e8cafbf34b05da5c2b-min.en-US.css]
[assets.squarespace.com/universal/images-v6/standard/icon_close_7_light.png]
[assets.squarespace.com/universal/images-v6/damask/error-dark.png]
[assets.squarespace.com/universal/images-v6/damask/error-dark@2x.png]
[assets.squarespace.com/universal/images-v6/damask/play-button.png]
[assets.squarespace.com/universal/images-v6/damask/play-button@2x.png]
[assets.squarespace.com/universal/images-v6/damask/edit-aviary-light.png]
[assets.squarespace.com/universal/images-v6/damask/edit-aviary-light@2x.png]
[assets.squarespace.com/universal/images-v6/damask/edit-info-light.png]
[assets.squarespace.com/universal/images-v6/damask/edit-info-light@2x.png]
[assets.squarespace.com/universal/images-v6/damask/trash-9-light.png]
[assets.squarespace.com/universal/images-v6/damask/trash-9-light@2x.png]
[assets.squarespace.com/universal/images-v6/damask/trash-9-red.png]
[assets.squarespace.com/universal/images-v6/damask/trash-9-red@2x.png]
[assets.squarespace.com/universal/images-v6/damask/getty-16-light.png]
[assets.squarespace.com/universal/images-v6/damask/getty-32-light.png]
[assets.squarespace.com/universal/images-v6/damask/shopping-cart-16-light.png]
[assets.squarespace.com/universal/images-v6/damask/shopping-cart-32-light.png]
[static1.squarespace.com/static/vta/5c5a519771c10ba3470d8101/scripts/site-bundle.03f6b4da1188b5006917209e252012ea.js]
[assets.squarespace.com/universal/images-v6/icons/block-indicator-dark.png]
[assets.squarespace.com/universal/images-v6/icons/block-indicator-dark@2x.png]
[assets.squarespace.com/universal/images-v6/icons/opentable-icons.png]
[assets.squarespace.com/universal/images-v6/icons/icon-searchqueries-20-dark.png]
[assets.squarespace.com/universal/images-v6/icons/icon-searchqueries-20-light.png]
[assets.squarespace.com/universal/images-v6/icons/icon-video-24-light-solid.png]
[assets.squarespace.com/universal/images-v6/icons/icon-settings-16-light.png]
[static1.squarespace.com/static/versioned-site-css/5ee6af80955f9b21f959d23c/205/5c5a519771c10ba3470d8101/5ee6af81955f9b21f959d25d/1602/site.css]
[www.googletagmanager.com/gtm5445.html]
[www.largetutoring.com/POST.4b.delayed]
[www.largetutoring.com/b.4c.delayed]
[www.largetutoring.com/schema.org/index.html]
[www.largetutoring.com/signals/iwl.4d.delayed]
[connect.facebook.net/en_US/fbevents.js]
[static1.squarespace.com/static/vta/5c5a519771c10ba3470d8101/versioned-assets/1736880851439-V2E4UVA9NKQ0GL12K7L2/static.css]
[www.largetutoring.com/cart.html]
[assets.squarespace.com/universal/scripts-compressed/extract-css-runtime-b3b298fd711f95dc33a9-min.en-US.js]
[images.squarespace-cdn.com/content/v1/5ee6af80955f9b21f959d23c/1597099202904-G9DK3V55V1D0QFET82XT/stil-N9uOrBICcjY-unsplash-16x9.jpg]
[assets.squarespace.com/universal/scripts-compressed/user-account-core-e03edc8d002a1156d184-min.en-US.js]
[images.squarespace-cdn.com/content/v1/5ee6af80955f9b21f959d23c/1599602672324-3CWDNCORY6NSES330WKE/image-asset.jpg]
[images.squarespace-cdn.com/content/v1/5ee6af80955f9b21f959d23c/1599075221809-2VNIVBSS9Q74BTVIDLUI/image-asset.jpg]
[images.squarespace-cdn.com/content/v1/5ee6af80955f9b21f959d23c/1597100546082-O2BRA90TQQ0G4P4B0HHP/sarah-noltner-4U3d6u_p-fE-unsplash.jpg]
[assets.squarespace.com/universal/scripts-compressed/common-a425d5422de5a2f9f0fd-min.en-US.js]
[images.squarespace-cdn.com/content/v1/5ee6af80955f9b21f959d23c/1597178209316-1P7PA48MMFSPHW1VQWZD/image-asset.jpg]
[images.squarespace-cdn.com/content/v1/5ee6af80955f9b21f959d23c/1597178403499-VVPJQA8T7WJELVO07B1C/image-asset.jpg]
[images.squarespace-cdn.com/content/v1/5ee6af80955f9b21f959d23c/1597178368965-NYICRTNEPQ32EWORBNSU/image-asset.jpg]
[www.largetutoring.com/services.html]
[images.squarespace-cdn.com/content/v1/5ee6af80955f9b21f959d23c/1717025587515-KPH6X9107SSXL0C2WS7F/image-asset.jpg]
[images.squarespace-cdn.com/content/v1/5ee6af80955f9b21f959d23c/1717025610913-462FKEL701TRSPPSBEQN/image-asset.jpg]
[images.squarespace-cdn.com/content/v1/5ee6af80955f9b21f959d23c/1717025706627-09RM5D2ADJP3L1PCFUHJ/image-asset.jpg]
[images.squarespace-cdn.com/content/v1/5ee6af80955f9b21f959d23c/1717025673260-UKDEOPRKPNPIV157GFU4/image-asset.jpg]
[assets.squarespace.com/universal/scripts-compressed/commerce-checkout-831b5fdc333a47ddc2a5-min.en-US.js]
[www.largetutoring.com/in-person-tutoring.html]
[images.squarespace-cdn.com/content/v1/5ee6af80955f9b21f959d23c/1717025921217-TBLS7BWG4M0U2PK0P2KC/image-asset.jpg]
[images.squarespace-cdn.com/content/v1/5ee6af80955f9b21f959d23c/1717026076715-I3MVWI16X2WI8ADEW6NX/image-asset.jpg]
[images.squarespace-cdn.com/content/v1/5ee6af80955f9b21f959d23c/1717190178079-UNS5D1DH76P7X2RMVL5B/image-asset.jpg]
[www.largetutoring.com/online-tutoring.html]
[assets.squarespace.com/universal/scripts-compressed/extract-css-runtime-81b4689f459762a92577-min.en-US.js]
[assets.squarespace.com/universal/scripts-compressed/user-account-core-34c27f296501e848cbd4-min.en-US.js]
[images.squarespace-cdn.com/content/v1/5ee6af80955f9b21f959d23c/1597098426255-3ESSO992QCR5CLZ7B168/dee-copper-and-wild-yf61jhXNmYo-unsplash-16x9_v02.jpg]
[images.squarespace-cdn.com/content/v1/5ee6af80955f9b21f959d23c/1595287740057-FITH496HJR9NJ5LBH575/image-asset.jpg]
[images.squarespace-cdn.com/content/v1/5ee6af80955f9b21f959d23c/1597775073375-XOTD2AVLKT5H1E9LUBKO/image-asset.jpg]
[static1.squarespace.com/static/5ee6af80955f9b21f959d23c/t/648613858bcd526cdbaaa95d/1686508422692/Untitled+design-5.png]
[assets.squarespace.com/universal/scripts-compressed/common-765a3b9b929a58c8cb23-min.en-US.js]
[static1.squarespace.com/static/5ee6af80955f9b21f959d23c/t/6250872ae0bd08139b981407/1649444651438/Untitled+design-5.png]
[static1.squarespace.com/static/5ee6af80955f9b21f959d23c/t/66e722f2493c2d21cb480ce3/1726423796910/Untitled+design-3.png]
[static1.squarespace.com/static/5ee6af80955f9b21f959d23c/t/66e7247ad5a2e5638b6ef41e/1726424187126/Untitled+design-5.png]
[static1.squarespace.com/static/5ee6af80955f9b21f959d23c/t/66e726e46e1e85628a004632/1726424805804/Untitled+design-8.png]
[static1.squarespace.com/static/5ee6af80955f9b21f959d23c/t/652da5bef8a62778af757803/1697490368281/Untitled+design-5.png]
[static1.squarespace.com/static/5ee6af80955f9b21f959d23c/t/67591211af26950ff844af2a/1733890580031/Untitled+design-3.png]
[static1.squarespace.com/static/5ee6af80955f9b21f959d23c/t/652da199daafa746ac2f33f9/1697489306878/Untitled+design-2.png]
[static1.squarespace.com/static/5ee6af80955f9b21f959d23c/t/64860bcda212f6364ee8dd21/1686506447250/Untitled+design.png]
[static1.squarespace.com/static/5ee6af80955f9b21f959d23c/t/638660907679a464932a8205/1669750930143/Untitled+design-5.png]
[static1.squarespace.com/static/5ee6af80955f9b21f959d23c/t/66e7253e5d275c355f3c3939/1726424384661/Untitled+design-6.png]
[static1.squarespace.com/static/5ee6af80955f9b21f959d23c/t/66e7280794a29431c216bf8d/1726425097488/Untitled+design-9.png]
[static1.squarespace.com/static/5ee6af80955f9b21f959d23c/t/638667811d0e3c4beb0ee5d2/1669752707289/Untitled+design-12.png]
[static1.squarespace.com/static/5ee6af80955f9b21f959d23c/t/66e7215b6f8ad57146620306/1726423389782/Untitled+design-2.png]
[static1.squarespace.com/static/5ee6af80955f9b21f959d23c/t/64860e12353d9549e4625bb5/1686507027585/Untitled+design-2.png]
[static1.squarespace.com/static/5ee6af80955f9b21f959d23c/t/66e72399ddaa92526b7b0187/1726423962564/Untitled+design-4.png]
[static1.squarespace.com/static/5ee6af80955f9b21f959d23c/t/652da31e13a8971e7bd88f9e/1697489696378/Untitled+design-3.png]
[static1.squarespace.com/static/5ee6af80955f9b21f959d23c/t/66e7288aa603764a36b3a4ff/1726425228886/Untitled+design-10.png]
[static1.squarespace.com/static/5ee6af80955f9b21f959d23c/t/6194a1b1547a635155f27fe3/1637130673614/Untitled+design.png]
[images.squarespace-cdn.com/content/v1/5ee6af80955f9b21f959d23c/b7519562-b31d-4413-bc1b-02b05c390a4e/LT_Apple_WHITE_RGB.png]
[www.largetutoring.com/about.html]
[images.squarespace-cdn.com/content/v1/5ee6af80955f9b21f959d23c/1599165621486-X645K38HLPO5Y7C8Z25Q/notebook-2637726_v02.jpg]
[www.largetutoring.com/testimonials.html]
[www.largetutoring.com/bloga409]
[images.squarespace-cdn.com/content/v1/5ee6af80955f9b21f959d23c/1599090432854-4DYBTU0XHXYJRP2BKXD9/_1500651-2.jpg]
[images.squarespace-cdn.com/content/v1/5ee6af80955f9b21f959d23c/1734278655991-OHYGFE1NUVXH86CRQOV3/interview+andrew+-+blog.png]
[www.largetutoring.com/blog/track-your-study-hours-like-a-pro-8-week-study-tracker-sheet.html]
[images.squarespace-cdn.com/content/v1/5ee6af80955f9b21f959d23c/1730954579003-EVNCCLTV7GFB3TIJ5ELT/1.png]
[www.largetutoring.com/blog/meet-clara-a-future-physicians-journey-begins-with-mini-med-school.html]
[images.squarespace-cdn.com/content/v1/5ee6af80955f9b21f959d23c/1728749703498-5DJH20KIPH6T23JX13UH/1.png]
[www.largetutoring.com/blog/9mgihug6tlq2scz81atmneqvkj85un.html]
[images.squarespace-cdn.com/content/v1/5ee6af80955f9b21f959d23c/1728450535927-5WLJ929ETMALS861MU4J/1.png]
[www.largetutoring.com/blog/turning-your-study-space-into-a-productivity-haven.html]
[images.squarespace-cdn.com/content/v1/5ee6af80955f9b21f959d23c/1727841895730-HFNPG7Q1V62ZIIPUBYFQ/1.png]
[www.largetutoring.com/blog/the-best-study-snacks-fuel-your-brain-and-stay-focused.html]
[images.squarespace-cdn.com/content/v1/5ee6af80955f9b21f959d23c/1727239757626-56WWR35SVDENP2YZ79HY/1.png]
[www.largetutoring.com/blog/soundtracks-to-study-to-on-spotify.html]
[images.squarespace-cdn.com/content/v1/5ee6af80955f9b21f959d23c/1727152969316-OO39GR6XKSQO2NSEW6RX/1.png]
[www.largetutoring.com/blog/finding-your-path-an-interview-with-andrew-simpson-on-switching-majors-and-following-your-passions.html]
[images.squarespace-cdn.com/content/v1/5ee6af80955f9b21f959d23c/1727027185315-BHN05WKR5GIW03J1LMZU/1.png]
[www.largetutoring.com/blog/no-phones-in-schools-6-things-to-consider.html]
[images.squarespace-cdn.com/content/v1/5ee6af80955f9b21f959d23c/1726630752070-TG56AES2L6TRGKFF6U3U/1.png]
[www.largetutoring.com/blog/morning-habits-to-boost-your-productivity.html]
[images.squarespace-cdn.com/content/v1/5ee6af80955f9b21f959d23c/1726027344811-YPTANWWW3J5LSG88VZ0M/1.png]
[www.largetutoring.com/blog/study-less-study-smart-maximizing-your-learning-with-effective-strategies.html]
[images.squarespace-cdn.com/content/v1/5ee6af80955f9b21f959d23c/1725508095814-LTGRQPW9KGNH5BYKUQPY/1.png]
[www.largetutoring.com/blog/essential-back-to-school-supplies-you-might-miss.html]
[images.squarespace-cdn.com/content/v1/5ee6af80955f9b21f959d23c/1725424157417-Y4QY2WHDD57VYNQH2OJ6/1.png]
[www.largetutoring.com/blog/math-topics-to-review-for-back-to-school.html]
[images.squarespace-cdn.com/content/v1/5ee6af80955f9b21f959d23c/1724733813534-LWFV7ELE5OHAC7JX5ZIJ/1.png]
[www.largetutoring.com/blog/the-impact-of-specialized-coaching-for-students-with-learning-differences.html]
[images.squarespace-cdn.com/content/v1/5ee6af80955f9b21f959d23c/1724302439014-AVP2VF1CJCP3HAJQ4KU7/1.png]
[www.largetutoring.com/blog/5-tips-to-reduce-back-to-school-anxiety.html]
[images.squarespace-cdn.com/content/v1/5ee6af80955f9b21f959d23c/1724008738257-2EXC1HK103NLU2502IFA/1.png]
[www.largetutoring.com/blog/navigating-university-applications-step-by-step-guide.html]
[images.squarespace-cdn.com/content/v1/5ee6af80955f9b21f959d23c/1723694150553-53428B2TKYEMW94C5WW3/1.png]
[www.largetutoring.com/blog/pre-calculus-topics-to-study-before-taking-calculus.html]
[images.squarespace-cdn.com/content/v1/5ee6af80955f9b21f959d23c/1723344112403-VF99EM2G1HA0FR594UGE/1.png]
[www.largetutoring.com/blog/achieving-ivy-league-dreams-how-targeted-tutoring-can-support-your-goals.html]
[images.squarespace-cdn.com/content/v1/5ee6af80955f9b21f959d23c/1723094803699-G19LEOYYQ6UV9RH5S2AL/1.png]
[www.largetutoring.com/blog.html]
[www.largetutoring.com/blogc8e9.html]
[images.squarespace-cdn.com/content/5ee6af80955f9b21f959d23c/fc0ab68e-3da4-46d1-852f-908a34158773/depositphotos_652205164-stock-photo-newspaper-cup-coffee-sticky-notesee8a.jpg]
[images.squarespace-cdn.com/content/v1/5ee6af80955f9b21f959d23c/664bfbde-912d-4cc2-a34c-7260130bcbfe/depositphotos_652205164-stock-photo-newspaper-cup-coffee-sticky-notes.jpg]
[www.largetutoring.com/newsletter.html]
[images.squarespace-cdn.com/content/v1/5ec321c2af33de48734cc929/1589847885952-PYSL0PZB2JIMU9JZ9P99/20140301_Trade-151_0124-copy.jpg]
[assets.squarespace.com/universal/scripts-compressed/extract-css-runtime-e43975569f02c59d2203-min.en-US.js]
[assets.squarespace.com/universal/scripts-compressed/common-96c6dd736eecfc311400-min.en-US.js]
[images.squarespace-cdn.com/content/v1/5ee6af80955f9b21f959d23c/1718132448393-2IDELAIQZ0QXRTIXZKMX/image-asset.jpg]
[www.largetutoring.com/contact.html]
[assets.squarespace.com/universal/scripts-compressed/extract-css-runtime-367d81344f1b40269c74-min.en-US.js]
[www.largetutoring.com/covid19.html]
[images.squarespace-cdn.com/content/5ee6af80955f9b21f959d23c/997a80b4-9a71-48cd-824e-b3c18d7952c4/interview+andrew+-+blog+(1)2acd.png]
[www.largetutoring.com/blogf4c0.html]
[images.squarespace-cdn.com/content/v1/5ee6af80955f9b21f959d23c/997a80b4-9a71-48cd-824e-b3c18d7952c4/interview+andrew+-+blog+(1).png]
[images.squarespace-cdn.com/content/v1/5ee6af80955f9b21f959d23c/59b19b63-2ae1-4c6c-9ea0-d0ffc159b940/417ff4bee657f51d8c127c9421de78a2.jpg]
[www.largetutoring.com/blog/5-things-taylor-swift-can-teach-us-about-success-e77rx.html]
[images.squarespace-cdn.com/content/5ee6af80955f9b21f959d23c/43150c36-40b7-4767-9da0-5d77b1bb846a/interview+andrew+-+blog2acd.png]
[www.largetutoring.com/blog4894.html]
[images.squarespace-cdn.com/content/v1/5ee6af80955f9b21f959d23c/43150c36-40b7-4767-9da0-5d77b1bb846a/interview+andrew+-+blog.png]
[images.squarespace-cdn.com/content/v1/5ee6af80955f9b21f959d23c/23ba303e-38ab-48cd-8fc4-6e28bf88372a/177d7f14-6673-43c5-8f82-c67c75028641.jpg]
[www.largetutoring.com/blog/balance-study-and-life-strategies-for-success.html]
[www.largetutoring.com/blog/math-study-tips.html]
[www.largetutoring.com/blog/5-things-taylor-swift-can-teach-us-about-success.html]
[www.largetutoring.com/blog/mastering-stem-courses-essential-tips.html]
[images.squarespace-cdn.com/content/5ee6af80955f9b21f959d23c/1734278655991-OHYGFE1NUVXH86CRQOV3/interview+andrew+-+blog2acd.png]
[images.squarespace-cdn.com/content/v1/5ee6af80955f9b21f959d23c/42f90d0a-1ca9-45bb-8688-6c5f94135efd/Movie+tips.png]
[images.squarespace-cdn.com/content/v1/5ee6af80955f9b21f959d23c/40d1bed5-a93c-4b4a-9f83-6dba16ae8792/32721c4b-548d-4c8d-8354-472ec5cd0cf0.jpg]
[images.squarespace-cdn.com/content/v1/5ee6af80955f9b21f959d23c/c136fc6a-995a-4062-ba42-602314bd08ef/Home+Alone+Classic+Vintage+80's+Movie+Poster+Art+Glossy+Poster+(A2+420+×+594+mm).b9.delaye]
[images.squarespace-cdn.com/content/v1/5ee6af80955f9b21f959d23c/6f139f0a-32ba-4a46-bed9-cb6a9e685e5f/Liam+Neeson.jpg]
[images.squarespace-cdn.com/content/v1/5ee6af80955f9b21f959d23c/2bfdcc30-d759-47bc-8c85-1a79f92dec4a/734512a36abc227a0d70a8cb3bd2abd9.jpg]
[images.squarespace-cdn.com/content/v1/5ee6af80955f9b21f959d23c/2e5df373-a3ce-4cb4-b986-e5914a275cc8/82d9162ce2f41f2b09518a6d94b6934c.jpg]
[www.largetutoring.com/blog/track-your-study-hours-like-a-pro-8-week-study-tracker-sheet-g9y3j.html]
[www.largetutoring.com/blog/wioe3sp0kq6h3vnmwkug1xsmq3kwe4.html]
[images.squarespace-cdn.com/content/v1/5ee6af80955f9b21f959d23c/1599085762113-T700FKN4L2R05YES4ZV6/stil-Mw9KxYkqsnk-unsplash.jpg]
[www.largetutoring.com/careers.html]
[assets.squarespace.com/universal/scripts-compressed/extract-css-runtime-452400c59c05d2eb3c87-min.en-US.js]
[www.largetutoring.com/faqs.html]
[www.largetutoring.com/a.html]
[www.largetutoring.com/POST.html]
[www.largetutoring.com/schema.org/index.html]
[www.largetutoring.com/b.html]
[www.largetutoring.com/signals/iwl.html]
[images.squarespace-cdn.com/content/5ee6af80955f9b21f959d23c/1730954579003-EVNCCLTV7GFB3TIJ5ELT/12acd.png]
[images.squarespace-cdn.com/content/v1/5ee6af80955f9b21f959d23c/6c23fe64-f987-43cc-be90-d9bc599cbe57/2.png]
[images.squarespace-cdn.com/content/v1/5ee6af80955f9b21f959d23c/153fe2ee-5b61-49ba-9c59-cf37043a1f8f/sarah-elizabeth-O3gOgPB4sRU-unsplash.jpg]
[images.squarespace-cdn.com/content/v1/5ee6af80955f9b21f959d23c/58b3cdb3-60fd-48fb-9d6e-f0aaf4c74183/Screenshot+2024-11-06+at+8.35.46 PM.png]
[images.squarespace-cdn.com/content/v1/5ee6af80955f9b21f959d23c/c3821ce3-b169-40d9-842a-1a91f17fe4b9/Screenshot+2024-11-06+at+8.38.13 PM+copy.png]
[images.squarespace-cdn.com/content/v1/5ee6af80955f9b21f959d23c/8cfe8af3-2fd0-4c52-87fe-d5d6b763094e/Screenshot+2024-11-06+at+8.38.13 PM.png]
[www.largetutoring.com/blog/track-your-study-hours-like-a-pro-8-week-study-tracker-sheet.html]
[images.squarespace-cdn.com/content/5ee6af80955f9b21f959d23c/1728749703498-5DJH20KIPH6T23JX13UH/12acd.png]
[images.squarespace-cdn.com/content/v1/5ee6af80955f9b21f959d23c/25ebda9b-305f-4329-92c4-f4ab2facd00e/2.png]
[images.squarespace-cdn.com/content/v1/5ee6af80955f9b21f959d23c/ff0a9cb9-366d-47a9-84ae-5cd512e132fc/img_5776.jpg]
[www.largetutoring.com/blog/meet-clara-a-future-physicians-journey-begins-with-mini-med-school.html]
[images.squarespace-cdn.com/content/5ee6af80955f9b21f959d23c/1728450535927-5WLJ929ETMALS861MU4J/12acd.png]
[www.largetutoring.com/blog7879.html]
[images.squarespace-cdn.com/content/v1/5ee6af80955f9b21f959d23c/cca3c452-f228-4b99-85e9-b81b30748927/2.png]
[images.squarespace-cdn.com/content/v1/5ee6af80955f9b21f959d23c/3f656f38-39ea-46fa-8f61-194f6d2eb162/austin-distel-mpN7xjKQ_Ns-unsplash.jpg]
[images.squarespace-cdn.com/content/v1/5ee6af80955f9b21f959d23c/2157346f-a994-42ec-8e7a-012ec1079528/christina-wocintechchat-com-rCyiK4_aaWw-unsplash.jpg]
[images.squarespace-cdn.com/content/v1/5ee6af80955f9b21f959d23c/f039f8fd-8cd5-4c12-a55c-cb8c07b2bb78/smartworks-coworking-cW4lLTavU80-unsplash.jpg]
[images.squarespace-cdn.com/content/v1/5ee6af80955f9b21f959d23c/a30fe225-41f6-4c73-8254-97ff944b65e6/linkedin-sales-solutions-EI50ZDA-l8Y-unsplash.jpg]
[images.squarespace-cdn.com/content/v1/5ee6af80955f9b21f959d23c/a51b2afd-655d-4dd4-ba1e-7f44beb9808a/austin-distel-wD1LRb9OeEo-unsplash.jpg]
[www.largetutoring.com/blog/9mgihug6tlq2scz81atmneqvkj85un.html]
[images.squarespace-cdn.com/content/5ee6af80955f9b21f959d23c/1727841895730-HFNPG7Q1V62ZIIPUBYFQ/12acd.png]
[images.squarespace-cdn.com/content/v1/5ee6af80955f9b21f959d23c/c35f8b5b-483f-42de-b83c-dee6484db1e1/2.png]
[images.squarespace-cdn.com/content/v1/5ee6af80955f9b21f959d23c/5a38fac4-0426-41c3-8609-7634b78a2e1f/nick-morrison-FHnnjk1Yj7Y-unsplash.jpg]
[images.squarespace-cdn.com/content/v1/5ee6af80955f9b21f959d23c/61208860-e23d-4904-a8bb-48eeff909e08/ergonofis-JiQA3t5Q5bo-unsplash.jpg]
[images.squarespace-cdn.com/content/v1/5ee6af80955f9b21f959d23c/f659c9f1-bdd0-4bee-bb44-870e5521ca71/mia-baker-loyuIqiwkkA-unsplash.jpg]
[images.squarespace-cdn.com/content/v1/5ee6af80955f9b21f959d23c/c0f0f59f-795c-490b-9f40-e06a288af0f8/robert-bye-f6bKycd4UFc-unsplash.jpg]
[images.squarespace-cdn.com/content/v1/5ee6af80955f9b21f959d23c/c693dcb5-8ed7-47ed-9bef-ed6f6b0dfaad/annie-spratt-J67BWDuNq0U-unsplash.jpg]
[images.squarespace-cdn.com/content/v1/5ee6af80955f9b21f959d23c/66137bae-3dce-4d57-bd49-01c610a0f6ae/cathryn-lavery-fMD_Cru6OTk-unsplash.jpg]
[www.largetutoring.com/blog/turning-your-study-space-into-a-productivity-haven.html]
[images.squarespace-cdn.com/content/5ee6af80955f9b21f959d23c/1727239757626-56WWR35SVDENP2YZ79HY/12acd.png]
[images.squarespace-cdn.com/content/v1/5ee6af80955f9b21f959d23c/cc40cd31-61c2-433f-b159-bd0303e7810f/2.png]
[images.squarespace-cdn.com/content/v1/5ee6af80955f9b21f959d23c/92d4a712-8acb-4c2b-9618-63b3d9849508/dark-chocolate-covered-almonds-8.jpg]
[images.squarespace-cdn.com/content/v1/5ee6af80955f9b21f959d23c/c7504797-a03e-4cef-b438-643bdc9aa120/peanut-butter-apple-dip-6.jpg]
[images.squarespace-cdn.com/content/v1/5ee6af80955f9b21f959d23c/df594b8f-27f0-4ae4-9012-0934122c59e1/blueberry-honey-yogurt-recipe.jpg]
[images.squarespace-cdn.com/content/v1/5ee6af80955f9b21f959d23c/14b4f2c8-7b85-4d08-a00d-d54f6f305bd6/hummus-02.jpg]
[images.squarespace-cdn.com/content/v1/5ee6af80955f9b21f959d23c/0cbc8f8a-9df1-4a5c-8154-baa089462755/homemade-trail-mix-with-chocolate-03.jpg]
[images.squarespace-cdn.com/content/v1/5ee6af80955f9b21f959d23c/82a78ec1-4bf9-4623-9fdf-bc2966d52c61/popcorn-recipe1.jpg]
[www.largetutoring.com/blog/the-best-study-snacks-fuel-your-brain-and-stay-focused.html]
[images.squarespace-cdn.com/content/5ee6af80955f9b21f959d23c/1727152969316-OO39GR6XKSQO2NSEW6RX/12acd.png]
[images.squarespace-cdn.com/content/v1/5ee6af80955f9b21f959d23c/0ac92a3a-43c7-47e7-9010-babaecd0d959/2.png]
[images.squarespace-cdn.com/content/v1/5ee6af80955f9b21f959d23c/db9636ab-ff63-487e-986e-4d043798794a/71tjN1pl8zL.jpg]
[images.squarespace-cdn.com/content/v1/5ee6af80955f9b21f959d23c/23022234-30f0-4553-bf93-180f5fa334fd/p3625299_p_v13_al.jpg]
[images.squarespace-cdn.com/content/v1/5ee6af80955f9b21f959d23c/994e2ebf-de0f-4db4-b713-deb608df1f95/MV5BNTU1MzgyMDMtMzBlZS00YzczLThmYWEtMjU3YmFlOWEyMjE1XkEyXkFqcGc@._V1_.jpg]
[images.squarespace-cdn.com/content/v1/5ee6af80955f9b21f959d23c/b7f9e54c-e293-4779-8826-d4fb3f13528d/MV5BOGZlN2EzOTYtMzUzOS00NTM3LTg0MTQtZDVjZGM4YmJlNWNhXkEyXkFqcGc@._V1_.jpg]
[images.squarespace-cdn.com/content/v1/5ee6af80955f9b21f959d23c/5c0120a5-0956-4c7e-9ca5-be2fb2d0b960/71Uzb-UfIQS._AC_UF1000,1000_QL80_.jpg]
[www.largetutoring.com/blog/soundtracks-to-study-to-on-spotify.html]
[images.squarespace-cdn.com/content/5ee6af80955f9b21f959d23c/1727027185315-BHN05WKR5GIW03J1LMZU/12acd.png]
[images.squarespace-cdn.com/content/v1/5ee6af80955f9b21f959d23c/7eda0758-ed6c-4af2-9db5-000ba2d89050/2.png]
[images.squarespace-cdn.com/content/v1/5ee6af80955f9b21f959d23c/03e195ec-c0b9-4bbb-8383-0e4437b03195/headshot_full_edited.jpg]
[www.largetutoring.com/blog/finding-your-path-an-interview-with-andrew-simpson-on-switching-majors-and-following-your-passions.html]
[images.squarespace-cdn.com/content/5ee6af80955f9b21f959d23c/1726630752070-TG56AES2L6TRGKFF6U3U/12acd.png]
[assets.squarespace.com/universal/scripts-compressed/extract-css-runtime-9910cfd606f8b2ce99a5-min.en-US.js]
[images.squarespace-cdn.com/content/v1/5ee6af80955f9b21f959d23c/1852050d-202b-4193-b2f1-a5c4cc43637b/2.png]
[images.squarespace-cdn.com/content/v1/5ee6af80955f9b21f959d23c/e5cf7653-33ad-4ba4-922e-c213b4bbfd30/bruce-mars-FWVMhUa_wbY-unsplash.jpg]
[assets.squarespace.com/universal/scripts-compressed/common-55c2ea238ecf2694ee34-min.en-US.js]
[images.squarespace-cdn.com/content/v1/5ee6af80955f9b21f959d23c/eb8b744d-03b2-449f-a02e-95e5b2c63116/copper-and-wild-GUQb38zj2_I-unsplash.jpg]
[images.squarespace-cdn.com/content/v1/5ee6af80955f9b21f959d23c/de9f21b5-79ed-44e3-a682-11e5c8e3a751/lisa-mcintyre-OdkwWv49QL8-unsplash.jpg]
[images.squarespace-cdn.com/content/v1/5ee6af80955f9b21f959d23c/55713c7c-bd3f-4a68-8a59-4bce209189ad/bruno-gomiero-jp7J14W9sSg-unsplash.jpg]
[images.squarespace-cdn.com/content/v1/5ee6af80955f9b21f959d23c/6e83ded5-d9b5-44a1-8304-89607b15e2ef/kenny-eliason-zFSo6bnZJTw-unsplash.jpg]
[images.squarespace-cdn.com/content/v1/5ee6af80955f9b21f959d23c/36213145-70f3-46b8-9633-73ccf36ab371/chivalry-creative-KptPfNB2Qpc-unsplash.jpg]
[www.largetutoring.com/blog/no-phones-in-schools-6-things-to-consider.html]
[images.squarespace-cdn.com/content/5ee6af80955f9b21f959d23c/1726027344811-YPTANWWW3J5LSG88VZ0M/12acd.png]
[images.squarespace-cdn.com/content/v1/5ee6af80955f9b21f959d23c/93e080d4-36bf-492d-9f44-1d8f5726b529/2.png]
[images.squarespace-cdn.com/content/v1/5ee6af80955f9b21f959d23c/13ca56e9-1d32-4419-aa47-9492c319c13e/julian-hochgesang--Wd8gStxy3s-unsplash.jpg]
[images.squarespace-cdn.com/content/v1/5ee6af80955f9b21f959d23c/4351d19e-b91a-435f-baa0-ee62f549d6ce/wesual-click-HK4n3W95F2c-unsplash.jpg]
[images.squarespace-cdn.com/content/v1/5ee6af80955f9b21f959d23c/83714d60-1c6d-4b3a-a343-4113a28b3fef/marissa-grootes-flRm0z3MEoA-unsplash.jpg]
[images.squarespace-cdn.com/content/v1/5ee6af80955f9b21f959d23c/287de3f3-1cab-4bae-b1a5-f454c49ce3f7/ekaterina-novitskaya-09DQcPuQqNc-unsplash.jpg]
[images.squarespace-cdn.com/content/v1/5ee6af80955f9b21f959d23c/a9a5e11b-07ac-4242-9384-2ebb06648701/tim-goedhart-vnpTRdmtQ30-unsplash.jpg]
[www.largetutoring.com/blog/morning-habits-to-boost-your-productivity.html]
[www.largetutoring.com/blog/becoming-a-high-performance-student-part1-c4f6g-xmbfz-7l6hd.html]
[images.squarespace-cdn.com/content/5ee6af80955f9b21f959d23c/1725508095814-LTGRQPW9KGNH5BYKUQPY/12acd.png]
[images.squarespace-cdn.com/content/v1/5ee6af80955f9b21f959d23c/97077071-ab01-4d74-9a92-325d8dffd91c/2.png]
[images.squarespace-cdn.com/content/v1/5ee6af80955f9b21f959d23c/23fb6281-a17b-47b6-b69a-683efccbb5a3/estee-janssens-zEqkUMiMxMI-unsplash.jpg]
[images.squarespace-cdn.com/content/v1/5ee6af80955f9b21f959d23c/13f454e6-5768-42c7-ba66-7ba2ca34c0bc/soundtrap-ddwbTn5HDdQ-unsplash.jpg]
[images.squarespace-cdn.com/content/v1/5ee6af80955f9b21f959d23c/46d68312-fd30-43ec-bf23-8f24daffb07b/helena-lopes-UZe35tk5UoA-unsplash.jpg]
[images.squarespace-cdn.com/content/v1/5ee6af80955f9b21f959d23c/da69976d-cb0e-42ca-8915-3496cef4592a/vitaly-gariev-SLx8Cz7MNBE-unsplash.jpg]
[www.largetutoring.com/blog/study-less-study-smart-maximizing-your-learning-with-effective-strategies.html]
[images.squarespace-cdn.com/content/5ee6af80955f9b21f959d23c/1725424157417-Y4QY2WHDD57VYNQH2OJ6/12acd.png]
[images.squarespace-cdn.com/content/v1/5ee6af80955f9b21f959d23c/717ae9bb-7343-4be3-8219-a4393925ff85/2.png]
[images.squarespace-cdn.com/content/v1/5ee6af80955f9b21f959d23c/d571a283-0570-450b-b74f-846619ffb129/iryna-tysiak-kRaH720CCRE-unsplash.jpg]
[images.squarespace-cdn.com/content/v1/5ee6af80955f9b21f959d23c/a28d0358-fa43-46ab-bd33-61b5ef63925d/kelly-sikkema-9-kKRL6aiik-unsplash.jpg]
[images.squarespace-cdn.com/content/v1/5ee6af80955f9b21f959d23c/534c3355-5032-4d4e-be1d-75fa9de50670/olia-gozha-h2QUaIqhK64-unsplash.jpg]
[images.squarespace-cdn.com/content/v1/5ee6af80955f9b21f959d23c/5661439f-5811-4106-abe4-384268249a47/kelly-sikkema-2q_frVRXWfQ-unsplash.jpg]
[www.largetutoring.com/blog/math-study-tips-part-2.html]
[www.largetutoring.com/blog/essential-back-to-school-supplies-you-might-miss.html]
[images.squarespace-cdn.com/content/5ee6af80955f9b21f959d23c/1724733813534-LWFV7ELE5OHAC7JX5ZIJ/12acd.png]
[images.squarespace-cdn.com/content/v1/5ee6af80955f9b21f959d23c/06fc6093-c84a-4dc6-a964-6b7917d1b339/2.png]
[images.squarespace-cdn.com/content/v1/5ee6af80955f9b21f959d23c/ef71e4cd-9cee-4b7f-b983-6a949201bd7a/maxresdefault.jpg]
[images.squarespace-cdn.com/content/v1/5ee6af80955f9b21f959d23c/3863adae-1047-4dc3-9113-ce3d6b577d83/3.png]
[images.squarespace-cdn.com/content/v1/5ee6af80955f9b21f959d23c/b5f3fedc-5bf5-4c2b-857e-55fb75dc521d/CNX_Precalc_Figure_03_04_024.jpg]
[images.squarespace-cdn.com/content/v1/5ee6af80955f9b21f959d23c/afb0f43b-0d14-4d56-90d2-1c60ea3b8dd7/screen_shot_2015-05-09_at_11.10.03_am_120157.jpg]
[www.largetutoring.com/blog/math-topics-to-review-for-back-to-school.html]
[images.squarespace-cdn.com/content/5ee6af80955f9b21f959d23c/1724302439014-AVP2VF1CJCP3HAJQ4KU7/12acd.png]
[images.squarespace-cdn.com/content/v1/5ee6af80955f9b21f959d23c/cc27b2a3-5fd1-4361-b5b7-0e8a36e05ea3/2.png]
[images.squarespace-cdn.com/content/v1/5ee6af80955f9b21f959d23c/e9bbcf48-5dca-46e2-8156-b792f041ca45/csaba-balazs-q9URsedw330-unsplash.jpg]
[images.squarespace-cdn.com/content/v1/5ee6af80955f9b21f959d23c/26ffef32-4a7f-4e91-9601-764f8b0dd207/juan-ramos-EWN0rrwbBIQ-unsplash.jpg]
[images.squarespace-cdn.com/content/v1/5ee6af80955f9b21f959d23c/55e3960a-7c71-4af1-8d07-e63f09d7916e/sofatutor-oCWYjKfWQP8-unsplash.jpg]
[images.squarespace-cdn.com/content/v1/5ee6af80955f9b21f959d23c/a58250cf-2850-4ca1-bca6-d0fdd185591f/dayne-topkin-XQWtAFOO7zc-unsplash.jpg]
[www.largetutoring.com/blog/the-impact-of-specialized-coaching-for-students-with-learning-differences.html]
[images.squarespace-cdn.com/content/5ee6af80955f9b21f959d23c/1724008738257-2EXC1HK103NLU2502IFA/12acd.png]
[images.squarespace-cdn.com/content/v1/5ee6af80955f9b21f959d23c/b37f77fc-8246-4305-afde-ca1d63ca3b31/2.png]
[images.squarespace-cdn.com/content/v1/5ee6af80955f9b21f959d23c/4dd1e1b7-8430-4f0b-ad34-7f205d5cc7d3/lidya-nada-tXz6g8JYYoI-unsplash.jpg]
[images.squarespace-cdn.com/content/v1/5ee6af80955f9b21f959d23c/1bb36b8b-77cd-4313-9640-fe53314df565/laura-rivera-ArH3dtoDQc0-unsplash.jpg]
[images.squarespace-cdn.com/content/v1/5ee6af80955f9b21f959d23c/7282dea1-b2bc-4683-828c-707ee6735d3a/pj-go-Y4fdsqJNUMA-unsplash.jpg]
[images.squarespace-cdn.com/content/v1/5ee6af80955f9b21f959d23c/149cb039-bae9-4e68-81d0-206d7334466a/jacob-mejicanos-5SUgSzP7klk-unsplash.jpg]
[images.squarespace-cdn.com/content/v1/5ee6af80955f9b21f959d23c/215405ef-8b6a-43b4-bbb2-43d38655fd8c/priscilla-du-preez-XkKCui44iM0-unsplash.jpg]
[www.largetutoring.com/blog/5-tips-to-reduce-back-to-school-anxiety.html]
[images.squarespace-cdn.com/content/5ee6af80955f9b21f959d23c/1723694150553-53428B2TKYEMW94C5WW3/12acd.png]
[www.largetutoring.com/blog31cf.html]
[images.squarespace-cdn.com/content/v1/5ee6af80955f9b21f959d23c/245ad7a9-aec4-43a9-9198-069c0c3a6d9a/2.png]
[images.squarespace-cdn.com/content/v1/5ee6af80955f9b21f959d23c/9b5bedd1-854f-41ec-a84c-b8ff0d44bdb7/thought-catalog-505eectW54k-unsplash.jpg]
[www.largetutoring.com/blog/w57kt7263453vmym4djtliqlxq2nu2.html]
[images.squarespace-cdn.com/content/v1/5ee6af80955f9b21f959d23c/1b2da3c2-1057-41b6-b2dd-7176b9fdb257/annie-spratt-AkftcHujUmk-unsplash.jpg]
[images.squarespace-cdn.com/content/v1/5ee6af80955f9b21f959d23c/91b2d791-4df6-447e-8e2d-ff9d9bfc6fee/charlesdeluvio-rRWiVQzLm7k-unsplash.jpg]
[images.squarespace-cdn.com/content/v1/5ee6af80955f9b21f959d23c/89920237-5637-475b-b1d4-ba2ecb49d197/kelly-sikkema-XcV5uzqW1-E-unsplash.jpg]
[www.largetutoring.com/blog/navigating-university-applications-step-by-step-guide.html]
[images.squarespace-cdn.com/content/5ee6af80955f9b21f959d23c/1723344112403-VF99EM2G1HA0FR594UGE/12acd.png]
[images.squarespace-cdn.com/content/v1/5ee6af80955f9b21f959d23c/5b6e8fbe-dc54-46b3-bcf7-7f82b116fea3/2.png]
[images.squarespace-cdn.com/content/v1/5ee6af80955f9b21f959d23c/70a8efe6-2271-4877-b304-37b8ab97cf9e/depositphotos_136562916_xl-2015.jpg]
[images.squarespace-cdn.com/content/v1/5ee6af80955f9b21f959d23c/bd5c60e0-660a-4f0b-ad64-7e7a988a2bad/understanding-fractions.png]
[images.squarespace-cdn.com/content/v1/5ee6af80955f9b21f959d23c/fdf42d1d-c14b-43e5-b752-bd6717628408/factoring-polynomials.jpg]
[images.squarespace-cdn.com/content/v1/5ee6af80955f9b21f959d23c/a78d3b0b-043e-4350-afaf-74806b52c4b4/CNX_Calc_Figure_01_02_006.jpg]
[www.largetutoring.com/blog/pre-calculus-topics-to-study-before-taking-calculus.html]
[images.squarespace-cdn.com/content/5ee6af80955f9b21f959d23c/1723094803699-G19LEOYYQ6UV9RH5S2AL/12acd.png]
[images.squarespace-cdn.com/content/v1/5ee6af80955f9b21f959d23c/e59ee702-1a2d-42e3-9674-aa6926e7065b/2.png]
[images.squarespace-cdn.com/content/v1/5ee6af80955f9b21f959d23c/9ffb4150-e269-4ee5-b83f-61a509195101/tim-alex-JYqLCa-rv7o-unsplash.jpg]
[images.squarespace-cdn.com/content/v1/5ee6af80955f9b21f959d23c/4a744045-e805-4fd0-add0-df1d5034377b/jon-tyson-oMDPDvvp2OE-unsplash.jpg]
[images.squarespace-cdn.com/content/v1/5ee6af80955f9b21f959d23c/a4107e1c-5f38-4197-96f1-d96b68ad8d38/tim-alex-d1HtWSfAX7k-unsplash.jpg]
[images.squarespace-cdn.com/content/v1/5ee6af80955f9b21f959d23c/58ef41bd-1fed-4419-88fd-b0475c5b4cd7/manu-ros-wvlwZ00eIRk-unsplash.jpg]
[images.squarespace-cdn.com/content/v1/5ee6af80955f9b21f959d23c/e64fd530-c50e-4271-95df-e3548ca4cb81/alexander-grey-eMP4sYPJ9x0-unsplash.jpg]
[images.squarespace-cdn.com/content/v1/5ee6af80955f9b21f959d23c/6b7419d6-244d-46d9-9549-a0800a88618b/sir-manuel-gwpElDVmBvQ-unsplash.jpg]
[images.squarespace-cdn.com/content/v1/5ee6af80955f9b21f959d23c/b2169159-9c86-41c8-84d5-810361f3533c/soundtrap-ddwbTn5HDdQ-unsplash.jpg]
[www.largetutoring.com/blog/achieving-ivy-league-dreams-how-targeted-tutoring-can-support-your-goals.html]
[images.squarespace-cdn.com/content/v1/5ee6af80955f9b21f959d23c/1722997339580-DG4JXKQ3QM8HZXCKP5GC/Physics+Study+Tips.png]
[images.squarespace-cdn.com/content/v1/5ee6af80955f9b21f959d23c/1722489728635-L19TWXOEBHQN407ABZGH/1.png]
[images.squarespace-cdn.com/content/v1/5ee6af80955f9b21f959d23c/1722107713561-6P9KFUCYJC0QPUUWSKYU/1.png]
[images.squarespace-cdn.com/content/v1/5ee6af80955f9b21f959d23c/1722044674511-DO51VS0JZNRDSBLKQXNJ/1.png]
[www.largetutoring.com/blog/mastering-academic-writing-essential-tips.html]
[images.squarespace-cdn.com/content/v1/5ee6af80955f9b21f959d23c/1721887373589-07IOCH2YZMYNONV1OYR4/1.png]
[www.largetutoring.com/blog/language-learning-made-easy-tutoring-services-for-a-multilingual-world.html]
[images.squarespace-cdn.com/content/v1/5ee6af80955f9b21f959d23c/1721362482203-EQVCXRPP9JCWEVT4EEIT/1.png]
[images.squarespace-cdn.com/content/v1/5ee6af80955f9b21f959d23c/1721105468877-DNIBSVH90ESQC84SLKUX/1.png]
[www.largetutoring.com/blog/cs7ps3b7an8769k7pay03macvdbi28.html]
[images.squarespace-cdn.com/content/v1/5ee6af80955f9b21f959d23c/1720484279638-ZUE7DAQJEJCGW11DCH5F/1.png]
[www.largetutoring.com/blog/best-places-to-study-in-yaletown-vancouver.html]
[images.squarespace-cdn.com/content/v1/5ee6af80955f9b21f959d23c/1719410828766-MIVO0JQN36X5B5HVY5YF/1.png]
[www.largetutoring.com/blog/essential-university-budgeting-tips-for-students.html]
[images.squarespace-cdn.com/content/v1/5ee6af80955f9b21f959d23c/1719334866534-2IOTN90SGTFD31SRSV7G/1.png]
[images.squarespace-cdn.com/content/v1/5ee6af80955f9b21f959d23c/1718313003197-BJQ5LFB3KK9SKNMISNYX/1.png]
[www.largetutoring.com/blog/category/Blog.html]
[www.largetutoring.com/blog/what-i-learned-after-the-30-under-30-award.html]
[images.squarespace-cdn.com/content/v1/5ee6af80955f9b21f959d23c/1717730325836-03YUT7AFPCKGHY1NVS11/1.png]
[www.largetutoring.com/blog/how-to-earn-70000-in-scholarships.html]
[images.squarespace-cdn.com/content/v1/5ee6af80955f9b21f959d23c/1717559238017-UQ8CMA91DLKH8N6VG4QH/1.png]
[www.largetutoring.com/blog/supporting-childrens-mental-health-in-school.html]
[images.squarespace-cdn.com/content/v1/5ee6af80955f9b21f959d23c/1718313101725-0U62DX9557TP3NA2P8DA/3.png]
[www.largetutoring.com/blog/best-places-to-study-in-olympic-village-vancouver.html]
[images.squarespace-cdn.com/content/v1/5ee6af80955f9b21f959d23c/1716743129815-JZORDFKEFJDYGBPN5X13/1.png]
[www.largetutoring.com/blog/personalized-learning-plans-propel-students.html]
[images.squarespace-cdn.com/content/v1/5ee6af80955f9b21f959d23c/1718313201316-PCO3JSMPU0X4G475D8N5/5.png]
[www.largetutoring.com/blog/best-places-to-study-in-fairview-vancouver.html]
[images.squarespace-cdn.com/content/v1/5ee6af80955f9b21f959d23c/1715140504015-T5KQRJX9STU192OVPHU3/1.png]
[www.largetutoring.com/blog/best-places-to-study-in-kerrisdale-vancouver.html]
[images.squarespace-cdn.com/content/v1/5ee6af80955f9b21f959d23c/1713930972976-MJ0DI0CKX7U7816AQU8T/1.png]
[www.largetutoring.com/blog/best-places-to-study-at-ubcvancouver.html]
[images.squarespace-cdn.com/content/v1/5ee6af80955f9b21f959d23c/1712889781539-ULTHY5Q72U1DLV2QSAHY/5+tips+for+acing+online+school+in+2020+(2).png]
[www.largetutoring.com/blog/amcary90py0ykbshuwoplonujastve.html]
[images.squarespace-cdn.com/content/v1/5ee6af80955f9b21f959d23c/1703131115541-OJCOAGOQ8NBBIRCLFWR2/1.jpg]
[www.largetutoring.com/blog303c.html]
[www.largetutoring.com/blogc8e9.html]
[www.largetutoring.com/blogf4c0.html]
[www.largetutoring.com/blog9bc2.html]
[www.largetutoring.com/blog4894.html]
[www.largetutoring.com/blog17d6.html]
[images.squarespace-cdn.com/content/5ee6af80955f9b21f959d23c/1718313003197-BJQ5LFB3KK9SKNMISNYX/12acd.png]
[assets.squarespace.com/universal/scripts-compressed/extract-css-runtime-4750264111c92f1bbb38-min.en-US.js]
[images.squarespace-cdn.com/content/v1/5ee6af80955f9b21f959d23c/29e7b5d0-dfcd-49ff-8eb3-4ac01aa0826d/2.png]
[www.largetutoring.com/blog/how-scheduling-breaks-helps-you-focus.html]
[www.largetutoring.com/blog/balance-study-and-life-strategies-for-success.html]
[images.squarespace-cdn.com/content/5ee6af80955f9b21f959d23c/1721105468877-DNIBSVH90ESQC84SLKUX/12acd.png]
[images.squarespace-cdn.com/content/v1/5ee6af80955f9b21f959d23c/f2367682-6ef7-49f0-bacd-f30abb5d9de6/2.png]
[assets.squarespace.com/universal/scripts-compressed/extract-css-runtime-a9851170175a2ef6657f-min.en-US.js]
[images.squarespace-cdn.com/content/v1/5ee6af80955f9b21f959d23c/a21bfcc8-371a-4a0a-95b3-7e29c79ea7b9/reinhart-julian-d4ZYpoGjUXo-unsplash.jpg]
[www.largetutoring.com/blog/best-places-to-study-in-kitsilano-vancouver.html]
[images.squarespace-cdn.com/content/v1/5ee6af80955f9b21f959d23c/d4d22b01-fdb9-4f24-baa6-502c19060051/jeswin-thomas-2Q3Ivd-HsaM-unsplash.jpg]
[images.squarespace-cdn.com/content/v1/5ee6af80955f9b21f959d23c/673095ff-1385-4b17-8f87-9e50f7e205ac/oluwakemi-solaja-ZN52ZBFkw4Y-unsplash.jpg]
[images.squarespace-cdn.com/content/v1/5ee6af80955f9b21f959d23c/ba5b505c-d413-4f0f-8639-700157e0002b/thought-catalog-Nv-vx3kUR2A-unsplash.jpg]
[images.squarespace-cdn.com/content/v1/5ee6af80955f9b21f959d23c/56746e74-717e-495e-bb40-33fb364c3058/seven-shooter-hPKTYwJ4FUo-unsplash.jpg]
[images.squarespace-cdn.com/content/v1/5ee6af80955f9b21f959d23c/ee2cf629-729e-42af-bbc1-76bd34f3c3a1/brooke-cagle-WHWYBmtn3_0-unsplash.jpg]
[www.largetutoring.com/blog/math-study-tips.html]
[images.squarespace-cdn.com/content/5ee6af80955f9b21f959d23c/1722107713561-6P9KFUCYJC0QPUUWSKYU/12acd.png]
[images.squarespace-cdn.com/content/v1/5ee6af80955f9b21f959d23c/251481a8-49d1-40da-95f1-8e3d522e2e00/2.png]
[images.squarespace-cdn.com/content/v1/5ee6af80955f9b21f959d23c/f7931069-06cc-4fd5-9f18-32ad2d4ee822/jeswin-thomas--hgJu2ykh4E-unsplash.jpg]
[images.squarespace-cdn.com/content/v1/5ee6af80955f9b21f959d23c/acaf165f-aa59-4a2c-a4c1-eba002c5c787/scott-graham-5fNmWej4tAA-unsplash.jpg]
[images.squarespace-cdn.com/content/v1/5ee6af80955f9b21f959d23c/e00eeb2f-cd35-4e9e-af5c-cbd16560de3e/greg-rosenke-DJWvzY4pkGU-unsplash.jpg]
[images.squarespace-cdn.com/content/v1/5ee6af80955f9b21f959d23c/aa178c84-aab8-4091-aab6-85232d20b8bb/1c92cbd263290ad3072b592704ffa173.jpg]
[www.largetutoring.com/blog/mastering-stem-courses-essential-tips.html]
[images.squarespace-cdn.com/content/5ee6af80955f9b21f959d23c/1722997339580-DG4JXKQ3QM8HZXCKP5GC/Physics+Study+Tips2acd.png]
[images.squarespace-cdn.com/content/v1/5ee6af80955f9b21f959d23c/e1426e86-76b7-4b89-9506-97fd5560479c/2.png]
[images.squarespace-cdn.com/content/v1/5ee6af80955f9b21f959d23c/bbbac487-6bbc-4693-a053-388b778941f6/Screen+Shot+2024-08-06+at+2.07.56+PM.png]
[images.squarespace-cdn.com/content/v1/5ee6af80955f9b21f959d23c/e66c222c-646d-4ca3-9eb4-4a3a6c14f152/Screen+Shot+2024-08-06+at+2.10.19+PM.png]
[images.squarespace-cdn.com/content/v1/5ee6af80955f9b21f959d23c/777fd0ae-4549-4d27-9ed3-8243f9a1d785/annie-spratt-xKJUnFwfz3s-unsplash.jpg]
[images.squarespace-cdn.com/content/v1/5ee6af80955f9b21f959d23c/0ba61746-ac2a-4c1f-991d-1063ffe419e1/unseen-studio-s9CC2SKySJM-unsplash+(1).jpg]
[www.largetutoring.com/blog/wioe3sp0kq6h3vnmwkug1xsmq3kwe4.html]
[www.largetutoring.com/blog7879.html]
[images.squarespace-cdn.com/content/5ee6af80955f9b21f959d23c/1637955494578-TVLTJNJVQ6CLN9Q9CWHN/12acd.png]
[assets.squarespace.com/universal/scripts-compressed/extract-css-runtime-e57192f30dbfb59b5d9a-min.en-US.js]
[assets.squarespace.com/universal/scripts-compressed/common-vendors-e7f2572a1c2453ee6105-min.en-US.js]
[assets.squarespace.com/universal/scripts-compressed/user-account-core-16947c2d7f6d25b47cf6-min.en-US.js]
[assets.squarespace.com/universal/scripts-compressed/performance-c9840160a478a009c9ee-min.en-US.js]
[images.squarespace-cdn.com/content/v1/5ee6af80955f9b21f959d23c/7062bf5b-7de4-4451-bbaa-39a6e5b5bf73/2.png]
[assets.squarespace.com/universal/scripts-compressed/common-fe96968428c4bcf33f20-min.en-US.js]
[images.squarespace-cdn.com/content/v1/5ee6af80955f9b21f959d23c/e31be114-3971-4f0e-86d5-c9009bf8cc35/Untitled+design-9.png]
[assets.squarespace.com/universal/scripts-compressed/commerce-7fb986bb7f87222b7b4e-min.en-US.js]
[images.squarespace-cdn.com/content/v1/5ee6af80955f9b21f959d23c/1761f20a-d727-4010-8161-857f08731c36/Untitled+design-10.png]
[images.squarespace-cdn.com/content/v1/5ee6af80955f9b21f959d23c/308c087e-8249-4af3-8a01-f04f1c063b38/Untitled+design-11.png]
[images.squarespace-cdn.com/content/v1/5ee6af80955f9b21f959d23c/8350b4e4-6583-4f0c-862e-f016c63208d2/Untitled+design-13.png]
[www.largetutoring.com/blog/how-to-succeed-at-your-exams-c4f6g-xmbfz.html]
[www.largetutoring.com/blog/becoming-a-high-performance-student-part1-c4f6g-xmbfz-7l6hd.html]
[images.squarespace-cdn.com/content/5ee6af80955f9b21f959d23c/1722044674511-DO51VS0JZNRDSBLKQXNJ/12acd.png]
[images.squarespace-cdn.com/content/v1/5ee6af80955f9b21f959d23c/55c92ab7-2814-4e90-8af4-fbf77ff2243a/2.png]
[images.squarespace-cdn.com/content/v1/5ee6af80955f9b21f959d23c/c186d3fa-e6a7-4b18-bb7a-f11b9aa65d0a/student-math.jpg]
[images.squarespace-cdn.com/content/v1/5ee6af80955f9b21f959d23c/9dc03a20-3a90-4bbc-871d-c1c37024fa9f/annika-gordon-cZISY8ai2iA-unsplash.jpg]
[images.squarespace-cdn.com/content/v1/5ee6af80955f9b21f959d23c/548e0221-c5aa-4bc6-93fe-33e7eeb15fc3/brooke-cagle-g1Kr4Ozfoac-unsplash.jpg]
[images.squarespace-cdn.com/content/v1/5ee6af80955f9b21f959d23c/48575311-468c-4462-83cf-460494d589fc/in-center-3-1-768x576.png]
[www.largetutoring.com/blog/math-study-tips-part-2.html]
[images.squarespace-cdn.com/content/v1/5ee6af80955f9b21f959d23c/1637955494578-TVLTJNJVQ6CLN9Q9CWHN/1.png]
[www.largetutoring.com/blog31cf.html]
[images.squarespace-cdn.com/content/5ee6af80955f9b21f959d23c/1722489728635-L19TWXOEBHQN407ABZGH/12acd.png]
[images.squarespace-cdn.com/content/v1/5ee6af80955f9b21f959d23c/4392c3f5-7cbc-4b66-ac0b-81c631823e3a/2.png]
[images.squarespace-cdn.com/content/v1/5ee6af80955f9b21f959d23c/431992fa-e861-48b5-a790-2346610181b2/jodyhongfilms-sI1mbxJFFpU-unsplash.jpg]
[images.squarespace-cdn.com/content/v1/5ee6af80955f9b21f959d23c/f78e91e3-3d17-4073-8c7b-98534fdc2d35/firmbee-com-gcsNOsPEXfs-unsplash.jpg]
[www.largetutoring.com/blog/w57kt7263453vmym4djtliqlxq2nu2.html]
[images.squarespace-cdn.com/content/5ee6af80955f9b21f959d23c/1721887373589-07IOCH2YZMYNONV1OYR4/12acd.png]
[images.squarespace-cdn.com/content/v1/5ee6af80955f9b21f959d23c/2635f039-7c6a-4b18-8614-866acc300239/2.png]
[images.squarespace-cdn.com/content/v1/5ee6af80955f9b21f959d23c/7778cf5f-04be-4aee-9ca6-f3920ef1991a/rabie-madaci-RJ0dPrxj8N8-unsplash.jpg]
[images.squarespace-cdn.com/content/v1/5ee6af80955f9b21f959d23c/07c83834-0d93-44c7-bc5f-12320f172ff7/portrait-satisfied-africanamerican-female-student-smiling-pleased-showing-okay-sign-like-s]
[images.squarespace-cdn.com/content/v1/5ee6af80955f9b21f959d23c/b66a9eb4-7014-4964-bc14-583a29415c85/paico-oficial-HbO9vbXqO0c-unsplash.jpg]
[images.squarespace-cdn.com/content/v1/5ee6af80955f9b21f959d23c/6a3d12df-3fff-4a4c-91db-3780469e699e/thoughtful-man-spectacles-yellow-headwear-striped-jumper-has-creative-occupation-focused-s]
[www.largetutoring.com/blog/mastering-academic-writing-essential-tips.html]
[images.squarespace-cdn.com/content/5ee6af80955f9b21f959d23c/1721362482203-EQVCXRPP9JCWEVT4EEIT/12acd.png]
[images.squarespace-cdn.com/content/v1/5ee6af80955f9b21f959d23c/87e8ce0e-6163-45e6-a42b-8e4797395408/2.png]
[images.squarespace-cdn.com/content/v1/5ee6af80955f9b21f959d23c/180aad4e-b8d9-445f-bc47-1a38f4ca89fe/andrew-butler-aUu8tZFNgfM-unsplash.jpg]
[images.squarespace-cdn.com/content/v1/5ee6af80955f9b21f959d23c/87d53420-fa79-4afb-bc69-deaecabac793/emmanuel-ikwuegbu-h5xEHzfepNk-unsplash.jpg]
[www.largetutoring.com/blog/language-learning-made-easy-tutoring-services-for-a-multilingual-world.html]
[images.squarespace-cdn.com/content/5ee6af80955f9b21f959d23c/1720484279638-ZUE7DAQJEJCGW11DCH5F/12acd.png]
[images.squarespace-cdn.com/content/v1/5ee6af80955f9b21f959d23c/7e5ab773-0df3-49bd-aeb2-016a603d87e5/2.png]
[www.largetutoring.com/blog/cs7ps3b7an8769k7pay03macvdbi28.html]
[images.squarespace-cdn.com/content/5ee6af80955f9b21f959d23c/1719410828766-MIVO0JQN36X5B5HVY5YF/12acd.png]
[images.squarespace-cdn.com/content/v1/5ee6af80955f9b21f959d23c/c8b019ff-0c6b-481a-95c3-bff8817837a8/2.png]
[images.squarespace-cdn.com/content/v1/5ee6af80955f9b21f959d23c/dddf104e-29a2-4387-9a25-f04770103040/2023-01-03.jpg]
[images.squarespace-cdn.com/content/v1/5ee6af80955f9b21f959d23c/55386bd2-5885-4674-8387-1bae67523156/2023-05-25.jpg]
[images.squarespace-cdn.com/content/v1/5ee6af80955f9b21f959d23c/4da8ec26-78ed-434e-a0c4-45fb5c01619e/2021-01-24.jpg]
[images.squarespace-cdn.com/content/v1/5ee6af80955f9b21f959d23c/a1c390e5-6baf-4522-8639-6e017ded0f4b/2022-12-02.jpg]
[images.squarespace-cdn.com/content/v1/5ee6af80955f9b21f959d23c/282eeecf-ecf3-4f93-9f4e-0d6af5a33e10/ALSK_0040.jpg]
[www.largetutoring.com/blog/best-places-to-study-in-yaletown-vancouver.html]
[images.squarespace-cdn.com/content/5ee6af80955f9b21f959d23c/1719334866534-2IOTN90SGTFD31SRSV7G/12acd.png]
[images.squarespace-cdn.com/content/v1/5ee6af80955f9b21f959d23c/a98d28a3-9e25-4be1-91cb-595d7e059b23/2.png]
[www.largetutoring.com/blog/essential-university-budgeting-tips-for-students.html]
[www.largetutoring.com/blog/category/Blog.html]
[images.squarespace-cdn.com/content/5ee6af80955f9b21f959d23c/1717730325836-03YUT7AFPCKGHY1NVS11/12acd.png]
[images.squarespace-cdn.com/content/v1/5ee6af80955f9b21f959d23c/1fa3b928-8c86-40a3-8be8-c263dcec1811/2.png]
[images.squarespace-cdn.com/content/v1/5ee6af80955f9b21f959d23c/1fb81603-376b-4a09-acd1-140e503df194/clinton_large_headshot.jpg]
[www.largetutoring.com/blog/what-i-learned-after-the-30-under-30-award.html]
[images.squarespace-cdn.com/content/5ee6af80955f9b21f959d23c/1717559238017-UQ8CMA91DLKH8N6VG4QH/12acd.png]
[images.squarespace-cdn.com/content/v1/5ee6af80955f9b21f959d23c/2457528c-e951-486f-ac49-d94aafb02b63/2.png]
[assets.squarespace.com/universal/scripts-compressed/extract-css-runtime-fb236b48e7465bb26541-min.en-US.js]
[images.squarespace-cdn.com/content/v1/5ee6af80955f9b21f959d23c/705263d4-402e-437d-83a4-602b42653269/IMG_8140.jpg]
[www.largetutoring.com/blog/how-to-earn-70000-in-scholarships.html]
[images.squarespace-cdn.com/content/5ee6af80955f9b21f959d23c/1718313101725-0U62DX9557TP3NA2P8DA/32acd.png]
[images.squarespace-cdn.com/content/v1/5ee6af80955f9b21f959d23c/f3108f46-9078-4fca-9463-33bc89e2cc1c/4.png]
[www.largetutoring.com/blog/supporting-childrens-mental-health-in-school.html]
[images.squarespace-cdn.com/content/5ee6af80955f9b21f959d23c/1716743129815-JZORDFKEFJDYGBPN5X13/12acd.png]
[images.squarespace-cdn.com/content/v1/5ee6af80955f9b21f959d23c/2f437818-7a3a-4da0-b74c-d307ce97f69e/2.png]
[images.squarespace-cdn.com/content/v1/5ee6af80955f9b21f959d23c/2aec2bf6-6a4e-4348-95aa-93d99cecc14a/Location-Large-QuebecSt-Interior-740x469.jpg]
[images.squarespace-cdn.com/content/v1/5ee6af80955f9b21f959d23c/ae4e999b-c6d0-4c06-9c6f-79766896c6a7/false-creek-science-world-deck-demolition-9.jpg]
[images.squarespace-cdn.com/content/v1/5ee6af80955f9b21f959d23c/f0bdba39-d4c9-476f-aeb3-b72a1c458640/terra-breads-olympic-village-radial-counter-with-natural-wood-finishes.jpg]
[images.squarespace-cdn.com/content/v1/5ee6af80955f9b21f959d23c/663ec519-4417-44d6-bc10-f27524c243cc/Creekside1-small.1506078603.6275.jpg]
[images.squarespace-cdn.com/content/v1/5ee6af80955f9b21f959d23c/cfddb835-edab-4fdd-a05c-15e93eae7a7f/urban-fare-olympic-village-seating2.jpg]
[www.largetutoring.com/blog/best-places-to-study-in-olympic-village-vancouver.html]
[images.squarespace-cdn.com/content/5ee6af80955f9b21f959d23c/1718313201316-PCO3JSMPU0X4G475D8N5/52acd.png]
[images.squarespace-cdn.com/content/v1/5ee6af80955f9b21f959d23c/917ab1cd-c65c-4a4b-820a-7f332386baba/6.png]
[www.largetutoring.com/blog/personalized-learning-plans-propel-students.html]
[images.squarespace-cdn.com/content/5ee6af80955f9b21f959d23c/1715140504015-T5KQRJX9STU192OVPHU3/12acd.png]
[images.squarespace-cdn.com/content/v1/5ee6af80955f9b21f959d23c/7205c8ad-3bfd-4093-b07f-b61fc11156d7/2.png]
[images.squarespace-cdn.com/content/v1/5ee6af80955f9b21f959d23c/fd911ee0-3cb1-4ac5-bb95-0795bf6371ca/Terry-Salman-Branch-Opening-2-640x426.jpg]
[images.squarespace-cdn.com/content/v1/5ee6af80955f9b21f959d23c/d8527f67-273a-46ad-943a-df5290f6ec2f/r0023917.jpg]
[images.squarespace-cdn.com/content/v1/5ee6af80955f9b21f959d23c/e1a2b337-6e8a-4a3e-a063-99326f36766c/charleson04.jpg]
[images.squarespace-cdn.com/content/v1/5ee6af80955f9b21f959d23c/232d46d4-2241-4e53-88d7-fb45c3e86ebd/768x768i_2x.jpg]
[images.squarespace-cdn.com/content/v1/5ee6af80955f9b21f959d23c/43a1baae-9d81-4121-a941-4596cb8bec52/granvilleisland.jpg]
[www.largetutoring.com/blog/best-places-to-study-in-fairview-vancouver.html]
[images.squarespace-cdn.com/content/5ee6af80955f9b21f959d23c/1713930972976-MJ0DI0CKX7U7816AQU8T/12acd.png]
[images.squarespace-cdn.com/content/v1/5ee6af80955f9b21f959d23c/74a459af-046d-4211-af71-934ac5caf2af/2.png]
[images.squarespace-cdn.com/content/v1/5ee6af80955f9b21f959d23c/b56ceb77-e8b7-44db-9d6d-fc72759bf75a/123109__uy3aQrDD8yGCjqtU19BGfQWdQV_71RI3341GkklVK8.jpg]
[images.squarespace-cdn.com/content/v1/5ee6af80955f9b21f959d23c/ccbb41e5-1185-45bd-91f3-7206aba675b3/img_1490.jpg]
[images.squarespace-cdn.com/content/v1/5ee6af80955f9b21f959d23c/0dbb338a-ea4f-4350-a43a-cfc79e2e5ad7/o.jpg]
[images.squarespace-cdn.com/content/v1/5ee6af80955f9b21f959d23c/cd1ed401-7599-43f6-89fe-35e2a2f426f8/kerrisdale_community_centre_cover.jpg]
[images.squarespace-cdn.com/content/v1/5ee6af80955f9b21f959d23c/98a4497c-d86e-4b20-8132-b2004a02d815/Perverted+Ice+Cream+Thurlow+StoreFront.jpg]
[www.largetutoring.com/blog/best-places-to-study-in-kerrisdale-vancouver.html]
[images.squarespace-cdn.com/content/5ee6af80955f9b21f959d23c/1712889781539-ULTHY5Q72U1DLV2QSAHY/5+tips+for+acing+online+school+in+2020+(2)2acd.png]
[images.squarespace-cdn.com/content/v1/5ee6af80955f9b21f959d23c/7a7e5455-be41-4dfa-9048-5067b1d0df69/5+tips+for+acing+online+school+in+2020+(1).png]
[images.squarespace-cdn.com/content/v1/5ee6af80955f9b21f959d23c/0afe49d6-c781-4e68-a7ea-7570770b6283/ubc-irving-k-barber-learning-centre_23048531806_o-min.jpg]
[images.squarespace-cdn.com/content/v1/5ee6af80955f9b21f959d23c/138d366b-4c0b-43ed-a70f-22ce4faea8ca/library4.jpg]
[images.squarespace-cdn.com/content/v1/5ee6af80955f9b21f959d23c/47a971e2-8750-4618-ba98-fe85513de30f/pacific-spirit-regional-park-1.jpg]
[images.squarespace-cdn.com/content/v1/5ee6af80955f9b21f959d23c/9e78d31d-11ae-40c6-9be2-f0439371ea70/university-of-british-columbia-ams-student-nest-1-1050x750.jpg]
[images.squarespace-cdn.com/content/v1/5ee6af80955f9b21f959d23c/6313091a-6d6e-4b82-9a11-a13aa6a27893/ubc_rose_garden.jpg]
[www.largetutoring.com/blog/best-places-to-study-at-ubcvancouver.html]
[images.squarespace-cdn.com/content/5ee6af80955f9b21f959d23c/1703131115541-OJCOAGOQ8NBBIRCLFWR2/143a3.jpg]
[assets.squarespace.com/universal/scripts-compressed/extract-css-runtime-1ed2ec3784759160f66d-min.en-US.js]
[images.squarespace-cdn.com/content/v1/5ee6af80955f9b21f959d23c/e006381e-7965-464d-bbc2-be18b91d7043/2.jpg]
[images.squarespace-cdn.com/content/v1/5ee6af80955f9b21f959d23c/278ac811-7b5e-4d5a-9b06-59d83c5822a3/ronin-hMlJJlIInYg-unsplash.jpg]
[images.squarespace-cdn.com/content/v1/5ee6af80955f9b21f959d23c/36d085a2-7d74-4033-99e9-5828f26b1324/revolver-front-up-compo2.jpg]
[images.squarespace-cdn.com/content/v1/5ee6af80955f9b21f959d23c/8bc015ff-c2cd-4203-800a-d0e0cb1a3b55/FWcSeQbWYAAIG2y.jpg]
[images.squarespace-cdn.com/content/v1/5ee6af80955f9b21f959d23c/dcb3157b-d6cc-4ebe-84a5-1490a9e5ccd1/122721644_4592228477517250_7039396358385319033_n.jpg]
[images.squarespace-cdn.com/content/v1/5ee6af80955f9b21f959d23c/cf29efa6-c218-4dfd-8cc6-dc35393b1831/UBC-Letters-1-e1539631507457.jpg]
[www.largetutoring.com/blog/amcary90py0ykbshuwoplonujastve.html]
[www.largetutoring.com/blog303c.html]
[www.largetutoring.com/blog/best-places-to-study-in-mount-pleasant-vancouver.html]
[images.squarespace-cdn.com/content/v1/5ee6af80955f9b21f959d23c/1712889887441-MVWRRJ03UJ72ZSEATHVU/5+tips+for+acing+online+school+in+2020+(3).png]
[images.squarespace-cdn.com/content/v1/5ee6af80955f9b21f959d23c/1703130807250-SNM15VTPA2HJ8ER3DZJA/1.jpg]
[images.squarespace-cdn.com/content/v1/5ee6af80955f9b21f959d23c/1606247887211-69JPH2BQLHPDP2NSG5SX/How+to+Ace+Your+Exams+(5).png]
[images.squarespace-cdn.com/content/v1/5ee6af80955f9b21f959d23c/1603817303001-AAU8THBMXLAH7AH4UV3X/5+reasons+to+get+a+lawyer+(1).png]
[www.largetutoring.com/blog/5-reasons-to-get-a-tutor.html]
[images.squarespace-cdn.com/content/v1/5ee6af80955f9b21f959d23c/1602530873483-3UOCHNBR9GFHW4U8QI6X/Why+scheduling+breaks+can+help+you+improve.png]
[www.largetutoring.com/blog/how-to-bounce-back-wtmyx-k52g3.html]
[images.squarespace-cdn.com/content/v1/5ee6af80955f9b21f959d23c/1601921696979-I3211K1TO6JL4Q5HAY9H/5+tips+to+bounce+back.png]
[www.largetutoring.com/blog/5-best-vancouver-study-spots-wtmyx.html]
[images.squarespace-cdn.com/content/v1/5ee6af80955f9b21f959d23c/1601316368634-Z6OI3ROEZ3HH3OYOTRV2/5+Best+Study+Spots+in+Vancouver.png]
[www.largetutoring.com/blog/back-to-school-covid.html]
[images.squarespace-cdn.com/content/v1/5ee6af80955f9b21f959d23c/1599600296156-BWCD31N4VJZNKZT1ARN2/1.png]
[www.largetutoring.com/blog/5-quick-stress-relievers-while-studying.html]
[images.squarespace-cdn.com/content/v1/5ee6af80955f9b21f959d23c/1599077415346-YFV7I0X3Q31F439Y3GFS/1.png]
[www.largetutoring.com/blog/how-to-excel-in-online-classes.html]
[images.squarespace-cdn.com/content/v1/5ee6af80955f9b21f959d23c/1597778173933-SO640YRML7DQLTZKKSHF/1.png]
[www.largetutoring.com/blog9bc2.html]
[www.largetutoring.com/blog6af2.html]
[www.largetutoring.com/blog17d6.html]
[www.largetutoring.com/blog9cb7.html]
[images.squarespace-cdn.com/content/5ee6af80955f9b21f959d23c/1602530873483-3UOCHNBR9GFHW4U8QI6X/Why+scheduling+breaks+can+help+you+improve2acd.png]
[www.largetutoring.com/blogedcb.html]
[images.squarespace-cdn.com/content/v1/5ee6af80955f9b21f959d23c/1602528612223-N6CMZZJG2O7I4QBFZ73L/Why+scheduling+breaks+can+help+you+improve+(1).png]
[images.squarespace-cdn.com/content/v1/5ee6af80955f9b21f959d23c/1602528953400-CX19EIYM375G964214WW/debby-hudson-STo4ziY5g7A-unsplash.jpg]
[images.squarespace-cdn.com/content/v1/5ee6af80955f9b21f959d23c/1602529264474-YYVLC2NWYQINTQM3HN4Y/ben-kolde-d6dxQwmxV2Q-unsplash.jpg]
[images.squarespace-cdn.com/content/v1/5ee6af80955f9b21f959d23c/1602529402390-FJIN2ITODIQQJGYQPYVP/dex-ezekiel-6RalK6WkilM-unsplash.jpg]
[images.squarespace-cdn.com/content/v1/5ee6af80955f9b21f959d23c/1602530339130-KJHWAROE4UQX0T6REYJG/peter-boccia-LOyaOZu6g4Q-unsplash.jpg]
[www.largetutoring.com/blog/how-scheduling-breaks-helps-you-focus.html]
[images.squarespace-cdn.com/content/5ee6af80955f9b21f959d23c/1703130807250-SNM15VTPA2HJ8ER3DZJA/143a3.jpg]
[images.squarespace-cdn.com/content/v1/5ee6af80955f9b21f959d23c/a67760da-3a29-4a2f-881f-67060b68d742/2.jpg]
[images.squarespace-cdn.com/content/v1/5ee6af80955f9b21f959d23c/5eef707c-0c0d-4435-be10-7fdd14b47543/image-asset.jpg]
[images.squarespace-cdn.com/content/v1/5ee6af80955f9b21f959d23c/29ef07b1-708a-494d-a6a4-37acb9985ade/768x768i_2x.jpg]
[images.squarespace-cdn.com/content/v1/5ee6af80955f9b21f959d23c/4fa6a6a0-820b-4ab5-ba07-788240f2fb63/caroline-ross-fQFmw7RE6dM-unsplash.jpg]
[images.squarespace-cdn.com/content/v1/5ee6af80955f9b21f959d23c/5b8565b9-2f2d-4f67-ac5b-0bb04d402cbe/ezgif.com-webp-to-jpg-converted.jpg]
[images.squarespace-cdn.com/content/v1/5ee6af80955f9b21f959d23c/41f46fc3-b5f5-48cb-92e5-7f34e791bee4/breka-bakery-best-vancouver-cafe-1024x768.jpg]
[www.largetutoring.com/blog/best-places-to-study-in-kitsilano-vancouver.html]
[images.squarespace-cdn.com/content/5ee6af80955f9b21f959d23c/1606247887211-69JPH2BQLHPDP2NSG5SX/How+to+Ace+Your+Exams+(5)2acd.png]
[images.squarespace-cdn.com/content/v1/5ee6af80955f9b21f959d23c/1606247793853-BL8ZBH0FB37JD4U2J3BB/How+to+Ace+Your+Exams+(4).png]
[images.squarespace-cdn.com/content/v1/5ee6af80955f9b21f959d23c/1606243837908-H2SN7G9TX0EZTAO5HOK1/green-chameleon-s9CC2SKySJM-unsplash.jpg]
[images.squarespace-cdn.com/content/v1/5ee6af80955f9b21f959d23c/1606243967603-94LMWPCDJYIQC6PREYZV/avery-evans-v-0eLg0SrYU-unsplash.jpg]
[images.squarespace-cdn.com/content/v1/5ee6af80955f9b21f959d23c/1606244432657-ADF9VM6Y0BU0OCKDOBGP/husniati-salma-D4GYNaFaLjM-unsplash.jpg]
[images.squarespace-cdn.com/content/v1/5ee6af80955f9b21f959d23c/1606244583868-LQ1S0JES33WYCPO2M76M/brenda-godinez-_Zn_7FzoL1w-unsplash.jpg]
[images.squarespace-cdn.com/content/v1/5ee6af80955f9b21f959d23c/1606244743262-UW5U170R7552Y10QP5DD/charles-deluvio-ANXvPivk6Fw-unsplash.jpg]
[images.squarespace-cdn.com/content/v1/5ee6af80955f9b21f959d23c/1606244905230-FEMT7P07UZHB7ZAS5821/chris-liverani-ViEBSoZH6M4-unsplash.jpg]
[images.squarespace-cdn.com/content/v1/5ee6af80955f9b21f959d23c/1606245123256-DOW7PTV7WN88QI828033/antoine-dautry-_zsL306fDck-unsplash.jpg]
[www.largetutoring.com/blog/how-to-succeed-at-your-exams-c4f6g-xmbfz.html]
[images.squarespace-cdn.com/content/5ee6af80955f9b21f959d23c/1712889887441-MVWRRJ03UJ72ZSEATHVU/5+tips+for+acing+online+school+in+2020+(3)2acd.png]
[images.squarespace-cdn.com/content/v1/5ee6af80955f9b21f959d23c/5f0e8e9b-7707-4422-96dc-1d47f68acaf2/2.jpg]
[images.squarespace-cdn.com/content/v1/5ee6af80955f9b21f959d23c/709cc848-e3f0-4e0d-9f60-7f5945ec6ffe/MountPleasant1.jpg]
[images.squarespace-cdn.com/content/v1/5ee6af80955f9b21f959d23c/df5febc1-ac81-48cc-8005-1844a8917772/unique-architecture-where.jpg]
[images.squarespace-cdn.com/content/v1/5ee6af80955f9b21f959d23c/9fcfb65f-93a6-491e-86a1-5649ad5284f7/mtpleasantpark2.jpg]
[images.squarespace-cdn.com/content/v1/5ee6af80955f9b21f959d23c/6a5fdb92-3333-4ae3-9011-c820b8067919/image-asset.jpg]
[images.squarespace-cdn.com/content/v1/5ee6af80955f9b21f959d23c/b8d904e6-69b9-44e9-97e6-1c04bf2fc014/emily-carr-university-art-design-new-campus-5.jpg]
[www.largetutoring.com/blog/best-places-to-study-in-mount-pleasant-vancouver.html]
[images.squarespace-cdn.com/content/5ee6af80955f9b21f959d23c/1603817303001-AAU8THBMXLAH7AH4UV3X/5+reasons+to+get+a+lawyer+(1)2acd.png]
[images.squarespace-cdn.com/content/v1/5ee6af80955f9b21f959d23c/1603817216678-KUYXUFAVJST7ZQ8WRNP7/5+reasons+to+get+a+tutor.png]
[images.squarespace-cdn.com/content/v1/5ee6af80955f9b21f959d23c/1603819587388-53TUQQ0GW31OX3WETT72/kaleidico-7lryofJ0H9s-unsplash.jpg]
[images.squarespace-cdn.com/content/v1/5ee6af80955f9b21f959d23c/1603819542564-A1GAHLQ60OL922WARLB9/redcharlie-vGbC6mOeUCw-unsplash.jpg]
[images.squarespace-cdn.com/content/v1/5ee6af80955f9b21f959d23c/1603820156819-SPK9RWJ09M554CW406LP/naassom-azevedo-Q_Sei-TqSlc-unsplash.jpg]
[images.squarespace-cdn.com/content/v1/5ee6af80955f9b21f959d23c/1603820857150-PR85CNCR82SB4FKSCMNO/neonbrand-Rohz2qhg8Wg-unsplash.jpg]
[images.squarespace-cdn.com/content/v1/5ee6af80955f9b21f959d23c/1603821427887-6KPPKS68PLBHEX10LJKN/element5-digital-jCIMcOpFHig-unsplash.jpg]
[images.squarespace-cdn.com/content/v1/5ee6af80955f9b21f959d23c/1603822670172-6QWMMMTR5OBNUF81N6PM/image-asset.jpg]
[www.largetutoring.com/blog/5-reasons-to-get-a-tutor.html]
[images.squarespace-cdn.com/content/5ee6af80955f9b21f959d23c/1601921696979-I3211K1TO6JL4Q5HAY9H/5+tips+to+bounce+back2acd.png]
[images.squarespace-cdn.com/content/v1/5ee6af80955f9b21f959d23c/1601921788472-NDE0UMR2LQN0UDOHSLOZ/5+tips+to+bounce+back+(1).png]
[images.squarespace-cdn.com/content/v1/5ee6af80955f9b21f959d23c/1601921892064-JMBQUWY8VXECW6D76CLO/laura-chouette-mT2_CfCF_YA-unsplash.jpg]
[images.squarespace-cdn.com/content/v1/5ee6af80955f9b21f959d23c/1601922142263-735S4RMNOTFPRDCQ5UZ1/volodymyr-tokar-RKZ94Y0hbmA-unsplash.jpg]
[images.squarespace-cdn.com/content/v1/5ee6af80955f9b21f959d23c/1601922258812-UM3L6717GJYNMIB1PVG6/kelly-sikkema-C3rK5toz0qA-unsplash.jpg]
[images.squarespace-cdn.com/content/v1/5ee6af80955f9b21f959d23c/1601923847656-M4SARXRQP5L75IKGBGLT/artem-maltsev-0CvHQ62gwY8-unsplash.jpg]
[images.squarespace-cdn.com/content/v1/5ee6af80955f9b21f959d23c/1601927895181-VV5AIJ66SZLKZTLEFOT5/holly-mandarich-7MrXw_o7Eo4-unsplash.jpg]
[images.squarespace-cdn.com/content/v1/5ee6af80955f9b21f959d23c/1601926226422-VCT3QMGXXVOJ3A78ZNTG/amy-reed-49ZXvCLerUo-unsplash.jpg]
[www.largetutoring.com/blog/how-to-bounce-back-wtmyx-k52g3.html]
[images.squarespace-cdn.com/content/5ee6af80955f9b21f959d23c/1601316368634-Z6OI3ROEZ3HH3OYOTRV2/5+Best+Study+Spots+in+Vancouver2acd.png]
[www.largetutoring.com/bloge470.html]
[images.squarespace-cdn.com/content/v1/5ee6af80955f9b21f959d23c/1601316873142-H25ICZHRAET8NHIY6MHD/5+Best+Study+Spots+in+Vancouver+(2).png]
[images.squarespace-cdn.com/content/v1/5ee6af80955f9b21f959d23c/1601317637610-Y6O6SEGB1BBYF1AVPAVT/khloe-kieu-HfbCKbXBjNc-unsplash.jpg]
[images.squarespace-cdn.com/content/v1/5ee6af80955f9b21f959d23c/1601317949662-K71M4HTK327TZHGKZAIX/poster-pos-izQprdBBMLQ-unsplash.jpg]
[images.squarespace-cdn.com/content/v1/5ee6af80955f9b21f959d23c/1601318204817-XQVVMI7QCETWD3QBNABW/dollar-gill-Kyoshy7BJIQ-unsplash.jpg]
[images.squarespace-cdn.com/content/v1/5ee6af80955f9b21f959d23c/1601318549193-B3MX3CH6LBTK6MXG34JS/sincerely-media-VNsdEl1gORk-unsplash.jpg]
[images.squarespace-cdn.com/content/v1/5ee6af80955f9b21f959d23c/1601319323534-KIGAUCQT3BGA2MBBSATG/amy-tran-08Y4Leultx4-unsplash.jpg]
[www.largetutoring.com/blog/5-best-vancouver-study-spots-wtmyx.html]
[images.squarespace-cdn.com/content/5ee6af80955f9b21f959d23c/1599600296156-BWCD31N4VJZNKZT1ARN2/12acd.png]
[images.squarespace-cdn.com/content/v1/5ee6af80955f9b21f959d23c/1599600172086-TZDP3J7Y3VXKUKLUJHTS/back-to-school-covid.png]
[www.largetutoring.com/blog/back-to-school-covid.html]
[images.squarespace-cdn.com/content/5ee6af80955f9b21f959d23c/1599077415346-YFV7I0X3Q31F439Y3GFS/12acd.png]
[www.largetutoring.com/blog8c25.html]
[images.squarespace-cdn.com/content/v1/5ee6af80955f9b21f959d23c/1599077385828-7B1LXLIFT1QBKIL1Q3BV/2.png]
[www.largetutoring.com/blog/5-quick-stress-relievers-while-studying.html]
[images.squarespace-cdn.com/content/5ee6af80955f9b21f959d23c/1597778173933-SO640YRML7DQLTZKKSHF/12acd.png]
[images.squarespace-cdn.com/content/v1/5ee6af80955f9b21f959d23c/1597778199688-EI8KSV0I0JR7AH5UPC3X/2.png]
[www.largetutoring.com/blog/how-to-excel-in-online-classes.html]
[www.largetutoring.com/blog0dd5.html]
[www.largetutoring.com/blog6af2.html]
[www.largetutoring.com/blog9cb7.html]
[www.largetutoring.com/blogedcb.html]
[www.largetutoring.com/bloge470.html]
[www.largetutoring.com/blog8c25.html]
[www.largetutoring.com/blog0dd5.html]
